---
source: tests/integration.rs
expression: output
input_file: tests/fixtures/alphabetize/params_required_then_optional_self_pinned/input.py
---
def merge(source, target, fallback=None, key=None, strict=True):
    pass


class Catalog:
    @classmethod
    def from_dict(cls, mapping, strict=False):
        pass

    def update(self, record, key=None, *, atomic=True, retries=3):
        pass
