---
source: tests/binding_analysis.rs
expression: source.binding_analysis()
input_file: tests/fixtures/binding_analysis/if_arms_merge_one_binding/input.py
---
bindings:
  - attributes: []
    bare_read: true
    first_unconditional_write: 0
    kinds:
      - Assignment
    name: cond
    read_offsets:
      - 15
    scope: 0
    write_offsets:
      - 0
  - attributes: []
    bare_read: true
    first_unconditional_write: ~
    kinds:
      - Assignment
    name: x
    read_offsets:
      - 53
    scope: 0
    write_offsets:
      - 25
      - 41
scopes:
  - bindings:
      cond: 0
      x: 1
    kind: Module
    parent: ~
