---
source: tests/diagnostics.rs
expression: render(&diagnostics)
input_file: tests/fixtures/composition/overflow_dict_constants_rewrite_legacy_union/input.py
---
align-colons@265..265
align-colons@292..292
align-colons@327..327
align-colons@359..359
alphabetize@316..373
collection-layout@253..357
legacy-union-syntax@273..286
legacy-union-syntax@307..322
legacy-union-syntax@343..360
legacy-union-syntax@381..394
