---
source: tests/integration.rs
expression: output
input_file: tests/fixtures/alphabetize/docstring_returns_named_entries_sort/input.py
---
def parse(text):
    """Split into components.

    Returns:
        body: The mid-section captured between separators.
        head: The leading token before the first separator.
        tail: The trailing remainder after consuming each field.
    """
    return text
