---
source: tests/integration.rs
assertion_line: 28
expression: output
input_file: tests/fixtures/composition/mixed_method_docstrings_expand_and_sort/input.py
---
class Service:

    def alpha(self):
        """
        The alpha entry point.
        Returns the configured value.
        """
        return 2

    def beta(self):
        """
        Return the beta result.
        """
        return 3

    def zeta(self):
        """
        Run the zeta operation.
        """
        return 1
