---
source: crate/tests/integration.rs
expression: snapshot
input_file: crate/tests/fixtures/docstring_wrap/comment_led_example_verbatim/input.py
---
def summarize(values):
    """
    Summary line.

    # compute the running total before the report renders
    total = sum(values)
    print(total)
    """
    return values
