---
source: crate/tests/integration.rs
expression: snapshot
input_file: crate/tests/fixtures/composition/padded_key_sets_the_column_at_its_settled_width/input.py
---
MUTATIONS = {
    "cache"      : {"delete"},
    "pr"         : {"close", "comment", "locks", "merge", "ready", "reopen", "review"},
    ("pp", "qq") : {"delete", "set"}
}
