{
  "entries": [
    {
      "data": {
        "v": "cached"
      },
      "id": "row"
    }
  ],
  "meta": {},
  "request": [
    "https://example.test/data",
    {
      "headers": {
        "Accept": "application/json"
      },
      "ignoreResponseError": true,
      "retry": 2
    }
  ],
  "warnings": [
    "demo: upstream returned 500, keeping the cached store"
  ]
}