---
source: tests/integration.rs
expression: output
input_file: tests/fixtures/signature_layout/decorator_surface_untouched/input.py
---
from functools import cache


@cache
def render(
    layout: tuple[int, int],
    palette: str,
    spread: float,
    target: int,
    verbose: bool
):
    return (layout, palette, spread, target, verbose)
