---
source: crate/tests/integration.rs
expression: snapshot
input_file: crate/tests/fixtures/composition/augmented_value_measured_from_its_column/input.py
---
class Context:
    def measure(self, widget, info):
        if widget:
            if info:
                padx   += widget.tk.getint(widget.cget('padx'))
                border += widget.tk.getint(
                    widget.cget('border')
                )
