[
  {
    "attrs": {
      "content": "https://prose.fyi/og/rules/alignment/align-equals.png",
      "property": "og:image"
    },
    "tag": "meta"
  },
  {
    "attrs": {
      "content": "1200",
      "property": "og:image:width"
    },
    "tag": "meta"
  },
  {
    "attrs": {
      "content": "630",
      "property": "og:image:height"
    },
    "tag": "meta"
  },
  {
    "attrs": {
      "content": "image/png",
      "property": "og:image:type"
    },
    "tag": "meta"
  },
  {
    "attrs": {
      "content": "Align Equals card",
      "property": "og:image:alt"
    },
    "tag": "meta"
  },
  {
    "attrs": {
      "content": "https://prose.fyi/og/rules/alignment/align-equals.png",
      "name": "twitter:image"
    },
    "tag": "meta"
  },
  {
    "attrs": {
      "content": "Align Equals card",
      "name": "twitter:image:alt"
    },
    "tag": "meta"
  }
]