---
source: crate/tests/integration.rs
expression: snapshot
input_file: crate/tests/fixtures/composition/type_column_widens_the_hanging_indent/input.py
---
def dial(host, retry_budget):
    """
    Args:
        host         (str) : The remote hostname this client opens its
                             connection against for every frame.
        retry_budget (int) : How many attempts remain.
    """
    return None
