---
source: crate/tests/integration.rs
expression: render(&diagnostics)
input_file: crate/tests/fixtures/composition/mixed_method_docstrings_expand_and_sort/input.py
---
alphabetize-siblings@23..277
expand-docstrings@234..257
expand-docstrings@46..69
frame-docstrings@122..182
space-statements@14..15
space-statements@202..203
space-statements@89..90
