---
source: crate/tests/integration.rs
expression: snapshot
input_file: crate/tests/fixtures/alphabetize_siblings/attached_comment_travels_with_method/input.py
---
class Matcher:
    # describes the constructor

    def __init__(self, clusters):
        pass

    # describes the private validator
    def _validate(self, resume):
        pass

    # describes the public match entry point
    def match(self, resume):
        pass
