---
source: tests/integration.rs
expression: output
input_file: tests/fixtures/align_equals/outlier_target_splits_subgroups/input.py
---
"""
An outlier target partitions the group under the default `split`
policy. Members above the outlier align among themselves, members
below align among themselves, and the outlier falls to a singleton
that collapses to one space. The two sub-groups settle on different
`=` columns because each one's widest target is different.
"""

short       = 1
medium_size = 2
really_really_long_target = 3
longer = 4
tiny   = 5
