---
source: crate/tests/integration.rs
expression: snapshot
input_file: crate/tests/fixtures/modernize_annotations/typing_generics_become_builtins/input.py
---


def sizes(
    a : list[int],
    b : dict[str, int],
    c : set[int],
    d : tuple[int, str],
    e : frozenset[int],
    f : type[int]
) -> None: ...
