---
source: tests/diagnostics.rs
expression: render(&diagnostics)
input_file: tests/fixtures/match_case_align/wide_or_pattern_anchors_run/input.py
---
match-case-align@292..292
match-case-align@293..302
match-case-align@331..331
match-case-align@332..341
match-case-align@390..390
match-case-align@391..400
