---
source: crate/tests/integration.rs
expression: snapshot
input_file: crate/tests/fixtures/align_match_case/arm_past_max_shift_leaves_neighbor_folded/input.py
---
def kind(event):
    match event.kind:
        case "b": result = compute(event.alpha_argument, event.beta_argument, event.x)
        case "an_arm_past_the_shift_cap": result = 2
