---
source: tests/integration.rs
expression: output
input_file: tests/fixtures/alphabetize/first_party_lifted_to_local/input.py
---
"""
Lifts configured first-party imports into the local-package group.
`myapp` imports join relative imports as local-package, bare before
`from`, while unrelated packages stay in the bare and external
`from` groups.
"""

import os
from collections import Counter
import myapp.core
from myapp import app
from myapp.db import Session
from . import shared
