---
source: tests/integration.rs
expression: output
input_file: tests/fixtures/legacy_union_syntax/aliased_import.input.py
---
"""
`from typing import Optional as Opt` binds `Opt` to `typing.Optional`,
so `Opt[int]` resolves and flags through the alias.
"""

from typing import Optional as Opt

x: Opt[int] = None
