---
source: tests/integration.rs
expression: output
input_file: tests/fixtures/align_colons/single_item_groups_deferred/input.py
---
"""
Single-item groups across every supported context. A one-entry
dict, a single-parameter annotated signature, a one-field class,
and a one-entry docstring `Args:` section all pass through
unchanged because `align_colons` defers single-item alignment to
the singleton rule.
"""

one_entry = {"only": 42}


def identity(x: int) -> int:
    """
    Returns its argument.

    Args:
        x: input value.
    """
    return x


class Lonely:
    solo: str
