---
source: tests/integration.rs
expression: output
input_file: tests/fixtures/alphabetize/bare_imports_collapse_block/input.py
---
"""
Every bare `import` statement at a body's top level collapses into
a single alphabetized block. Blank lines that the user wrote between
imports are removed so the form reads as one paragraph regardless
of how the source was originally arranged.
"""

import argparse
import numpy as np
import os
import pandas as pd
import zlib
