---
source: tests/integration.rs
expression: output
input_file: tests/fixtures/align_imports/branch_bodies_align_separately/input.py
---
"""
Imports inside `if` and `else` branches (lazy or compatibility
imports) align within their own branch body. Each branch is a
separate body slice, so cross-branch alignment never happens. The
visitor descends into every branch.
"""

import sys

if sys.version_info >= (3, 11):
    from tomllib    import loads
    from tomllib    import dumps
    from contextlib import suppress
else:
    from tomli       import loads
    from tomli       import dumps
    from contextlib2 import suppress
