---
source: crate/tests/integration.rs
expression: snapshot
input_file: crate/tests/fixtures/wrap_docstrings/continuation_splices_a_split_url/input.py
---
def reference():
    """
    The compatibility notes live at
    https://example.com/docs/guide/binary-compatibility-and-platform-tags.html
    for callers.
    """
    return reference
