---
source: crate/tests/integration.rs
expression: json
input_file: crate/tests/fixtures/normalize_comparisons/boolean_test_flagged_not_rewritten/input.py
---
[
  {
    "code": "normalize-comparisons",
    "end_location": {
      "column": 20,
      "row": 2
    },
    "fix": null,
    "location": {
      "column": 16,
      "row": 2
    },
    "message": "Comparison against the `True` literal. Test the operand directly, or compare with `is` to check identity"
  },
  {
    "code": "normalize-comparisons",
    "end_location": {
      "column": 24,
      "row": 4
    },
    "fix": null,
    "location": {
      "column": 19,
      "row": 4
    },
    "message": "Comparison against the `False` literal. Test the operand directly, or compare with `is` to check identity"
  }
]
