---
source: tests/diagnostics.rs
expression: render(&diagnostics)
input_file: tests/fixtures/suppression/fmt_block_survives_between_runs/input.py
---
align-equals@1..10
align-equals@89..97
band-constants@0..25
miscased-constants@101..104
miscased-constants@14..21
miscased-constants@6..9
miscased-constants@94..96
