---
source: tests/integration.rs
expression: output
input_file: tests/fixtures/loose_constants/newtype_assignment_untouched/input.py
---
"""
A `NewType("UserId", int)` assignment is SCREAMING_CASE by Python
convention and structural by definition, so it passes through the
rule untouched.
"""

from typing import NewType

UserId = NewType("UserId", int)
