---
source: crate/tests/integration.rs
expression: snapshot
input_file: crate/tests/fixtures/docstring_wrap/adjacent_sections_no_blank/input.py
---
def fetch(url):
    """
    Summary line.

    Args:
        url: the endpoint to fetch from, described at enough length that the
             entry wraps past its budget.
    Returns:
        the decoded payload.
    """
    return url
