---
source: tests/diagnostics.rs
expression: render(&diagnostics)
input_file: tests/fixtures/composition/fields_and_methods_sort_align_cushion/input.py
---
align-colons@26..84
align-equals@33..55
alphabetize-siblings@19..246
space-statements@14..15
space-statements@148..149
space-statements@202..203
space-statements@93..94
