---
source: tests/diagnostics.rs
expression: render(&diagnostics)
input_file: tests/fixtures/thematic/class_method_groups_then_align/input.py
---
align-colons@103..183
align-equals@108..191
align-imports@11..12
alphabetize@0..469
blank-lines@93..94
group-imports@0..76
signature-annotations@206..214
signature-annotations@271..277
signature-annotations@287..293
signature-annotations@300..307
signature-annotations@393..397
