---
source: crate/tests/integration.rs
expression: snapshot
input_file: crate/tests/fixtures/bare_super/shadowed_super_kept/input.py
---
def super(*args):
    return args


class Base:
    def read(self):
        return 1


class Child(Base):
    def read(self):
        return super(Child, self).read()
