---
source: crate/tests/integration.rs
expression: snapshot
input_file: crate/tests/fixtures/wrap_docstrings/bracketed_literal_below_entry_verbatim/input.py
---
def load():
    """
    Args:
        config: A description of the mapping this loader reads and then
                hands back to the caller.
            {"retries": 3, "timeout": 30}
        target: The destination the loaded mapping is written to.
    """
