---
source: tests/diagnostics.rs
expression: render(&diagnostics)
input_file: tests/fixtures/composition/scrambled_imports_into_three_groups/input.py
---
align-imports@81..82
alphabetize@0..165
blank-lines@118..119
blank-lines@21..22
blank-lines@32..33
blank-lines@64..65
blank-lines@74..75
blank-lines@95..96
