---
source: crate/tests/integration.rs
expression: snapshot
input_file: crate/tests/fixtures/align_match_case/wider_arm_below_keeps_arm_above_multiline/input.py
---
def mutates(args):
    match args:
        case ("mise", *_):
            return runs_task(args, {"gha:labels", "gha:rulesets"})
        case ("gh", group, verb, *_): return verb in {"close", "merge"}
    return False
