---
source: crate/tests/integration.rs
expression: snapshot
input_file: crate/tests/fixtures/align_colons/type_group_column_seats_the_paren/input.py
---
class Session:
    """
    Attributes:
        host         (str) : The remote to dial.
        retry_budget (int) : How many attempts remain.
        cipher       (str) : The negotiated suite.
    """
