---
source: tests/integration.rs
expression: json
input_file: tests/fixtures/inlinable_bindings/async_def_flagged/input.py
---
[
  {
    "code": "inlinable-bindings",
    "end_location": {
      "column": 12,
      "row": 2
    },
    "fix": null,
    "location": {
      "column": 5,
      "row": 2
    },
    "message": "`payload` is assigned and used once. Consider inlining `await get(url)`"
  }
]
