---
source: tests/diagnostics.rs
assertion_line: 36
expression: render(&diagnostics)
input_file: tests/fixtures/thematic/import_block_full_pipeline/input.py
---
align-imports@112..113
align-imports@35..36
alphabetize@0..160
bare-import-allowlist@49..51
bare-import-allowlist@59..67
bare-import-allowlist@7..16
blank-lines@123..124
unused-future-annotations@69..104
