---
source: crate/tests/integration.rs
expression: snapshot
input_file: crate/tests/fixtures/alphabetize/multi_line_member_holds_the_packed_swap/input.py
---
w = Process(ctx, target=worker,
            args=(
                inqueue, outqueue, initializer,
                initargs, maxtasksperchild, wrap_exception
            ))
