---
source: tests/integration.rs
assertion_line: 28
expression: output
input_file: tests/fixtures/docstring_wrap/indented_block_verbatim/input.py
---
def example():
    """
    Summary line.

        x = some_long_identifier + another_long_identifier + yet_another_long_identifier
        result = x * 2
    """
    return 1
