---
source: tests/diagnostics.rs
expression: json
input_file: tests/fixtures/loose_constants/allowlisted_name_passes/input.py
---
[
  {
    "code": "loose-constants",
    "end_location": {
      "column": 19,
      "row": 3
    },
    "fix": null,
    "location": {
      "column": 1,
      "row": 3
    },
    "message": "module-level `CACHE_DIR` is SCREAMING_CASE but reassigned. Rename it to lowercase or keep it write-once"
  },
  {
    "code": "loose-constants",
    "end_location": {
      "column": 19,
      "row": 4
    },
    "fix": null,
    "location": {
      "column": 1,
      "row": 4
    },
    "message": "module-level `CACHE_DIR` is SCREAMING_CASE but reassigned. Rename it to lowercase or keep it write-once"
  }
]
