---
source: crate/tests/integration.rs
expression: snapshot
input_file: crate/tests/fixtures/band_constants/guarded_import_pins_above_its_definition/input.py
---
try:
    from collections import OrderedDict
except ImportError:
    OrderedDict = dict


REGISTRY = OrderedDict


TABLE = dict


def helper():
    return 1


class OrderedDict:
    pass
