---
source: tests/integration.rs
expression: output
input_file: tests/fixtures/collection_layout/bare_tuple_skips_expansion/input.py
---
bare = first_item_xx, second_itemx, third_item_x, fourth_itemx, fifth_item_x, sixth_itemx, seventh
parens = (
    first_item_xx, second_itemx, third_item_x, fourth_itemx,
    fifth_item_x, sixth_itemx, seven
)
