---
source: crate/src/config/schema_tests.rs
expression: "serde_json::to_string_pretty(&schema).expect(\"renders\")"
---
{
  "$defs": {
    "AlignmentConfig": {
      "description": "Alignment-rule config shared by every rule that aligns a token\nacross consecutive lines.",
      "properties": {
        "enabled": {
          "default": true,
          "type": "boolean"
        },
        "max-shift": {
          "$ref": "#/$defs/MaxShift",
          "default": 16,
          "description": "The width-spread budget a contiguous run may shift to reach the\nshared column, `0` forbidding any shift and `false` folding a run\ninto one column regardless of spread."
        }
      },
      "type": "object"
    },
    "AlphabetizeConfig": {
      "description": "Configuration for the `alphabetize` rule, each facet gating one\nsort pass and defaulting `true`.",
      "properties": {
        "enabled": {
          "default": true,
          "type": "boolean"
        },
        "group-methods": {
          "default": true,
          "description": "Keys methods on the dunder-property-private-public grouping before\nname, dropping to name alone when `false`.",
          "type": "boolean"
        },
        "sort-definitions": {
          "default": true,
          "description": "Reorders class and function definitions, freezing them in source\norder when `false`.",
          "type": "boolean"
        },
        "sort-docstring-entries": {
          "default": true,
          "description": "Reorders Google-style docstring entry sections.",
          "type": "boolean"
        },
        "sort-dunder-lists": {
          "default": true,
          "description": "Reorders the `__all__` and `__slots__` string lists.",
          "type": "boolean"
        }
      },
      "type": "object"
    },
    "BareImportsConfig": {
      "description": "Configuration for the `bare_imports` rule.",
      "properties": {
        "allow": {
          "default": [],
          "description": "Module names left as bare imports regardless of attribute reach.",
          "items": {
            "type": "string"
          },
          "type": "array"
        },
        "enabled": {
          "default": true,
          "type": "boolean"
        },
        "exempt-aliased": {
          "default": true,
          "description": "Exempts an aliased import from the rewrite.",
          "type": "boolean"
        },
        "max-attributes": {
          "default": 4,
          "description": "The attribute-reach count above which a bare import stays as-is.",
          "format": "uint",
          "minimum": 0,
          "type": "integer"
        }
      },
      "type": "object"
    },
    "CacheConfig": {
      "description": "Cache settings parsed from `[tool.prose.cache]`.",
      "properties": {
        "enabled": {
          "default": true,
          "type": "boolean"
        },
        "max-size-mib": {
          "default": 100,
          "format": "uint32",
          "minimum": 0,
          "type": "integer"
        }
      },
      "type": "object"
    },
    "CallLayoutConfig": {
      "description": "Configuration for the `call_layout` rule.",
      "properties": {
        "enabled": {
          "default": true,
          "type": "boolean"
        },
        "max-args": {
          "$ref": "#/$defs/InlineBudget",
          "default": 3,
          "description": "The inline argument count above which a call explodes one-per-line,\n`false` leaving width as the only trigger."
        }
      },
      "type": "object"
    },
    "CollectionLayoutConfig": {
      "description": "Configuration for the `collection_layout` rule, each shape facet\ngating one move and defaulting `true`.",
      "properties": {
        "collapse": {
          "default": true,
          "description": "Joins a fitting multi-line literal, subscript, or dict key back to\none line.",
          "type": "boolean"
        },
        "enabled": {
          "default": true,
          "type": "boolean"
        },
        "explode": {
          "default": true,
          "description": "Drives every expansion, the width spread and the entry-count cap\nalike, so `false` leaves the count cap inert.",
          "type": "boolean"
        },
        "max-atomics": {
          "$ref": "#/$defs/InlineBudget",
          "default": 8,
          "description": "The inline element count above which a collection explodes,\n`false` leaving width as the only trigger."
        },
        "max-dict-entries": {
          "$ref": "#/$defs/InlineBudget",
          "default": 3,
          "description": "The dict entry count above which the dict explodes, `false`\nleaving width as the only trigger."
        },
        "wrap-dict-entries": {
          "default": true,
          "description": "Breaks an over-wide `key: value` at its `:` and hangs the value\nbeneath.",
          "type": "boolean"
        }
      },
      "type": "object"
    },
    "DocstringStructuredPolicy": {
      "description": "Which budget structured docstring sections wrap to.\n\n`CodeLineLength` reuses `Config::code_line_length`.\n`DocstringLineLength` reuses `Config::docstring_line_length`.",
      "enum": [
        "code-line-length",
        "docstring-line-length"
      ],
      "type": "string"
    },
    "ImportsConfig": {
      "description": "Settings parsed from `[tool.prose.imports]`. `first_party` lists\nthe package names whose imports group with relative imports as\nlocal-package, keyed kebab-case under `first-party`.",
      "properties": {
        "first-party": {
          "default": [],
          "items": {
            "type": "string"
          },
          "type": "array"
        }
      },
      "type": "object"
    },
    "InlineBudget": {
      "anyOf": [
        {
          "format": "uint",
          "minimum": 1,
          "type": "integer"
        },
        {
          "const": false
        }
      ]
    },
    "MaxShift": {
      "anyOf": [
        {
          "format": "uint",
          "minimum": 0,
          "type": "integer"
        },
        {
          "const": false
        }
      ]
    },
    "PythonVersion": {
      "anyOf": [
        {
          "pattern": "^\\d+\\.\\d+$",
          "type": "string"
        },
        {
          "const": "3.7",
          "description": "Python 3.7"
        },
        {
          "const": "3.8",
          "description": "Python 3.8"
        },
        {
          "const": "3.9",
          "description": "Python 3.9"
        },
        {
          "const": "3.10",
          "description": "Python 3.10"
        },
        {
          "const": "3.11",
          "description": "Python 3.11"
        },
        {
          "const": "3.12",
          "description": "Python 3.12"
        },
        {
          "const": "3.13",
          "description": "Python 3.13"
        },
        {
          "const": "3.14",
          "description": "Python 3.14"
        },
        {
          "const": "3.15",
          "description": "Python 3.15"
        }
      ]
    },
    "ReassignedConstantsConfig": {
      "description": "Configuration for the `reassigned_constants` rule.",
      "properties": {
        "allow": {
          "default": [],
          "description": "Constant names exempt from the reassignment flag.",
          "items": {
            "type": "string"
          },
          "type": "array"
        },
        "enabled": {
          "default": true,
          "type": "boolean"
        }
      },
      "type": "object"
    },
    "RuleConfigs": {
      "description": "Per-rule configuration under `[tool.prose.rules]`.",
      "properties": {
        "align-colons": {
          "anyOf": [
            {
              "type": "boolean"
            },
            {
              "$ref": "#/$defs/AlignmentConfig"
            }
          ],
          "default": {
            "enabled": true,
            "max-shift": 16
          }
        },
        "align-comparisons": {
          "anyOf": [
            {
              "type": "boolean"
            },
            {
              "$ref": "#/$defs/AlignmentConfig"
            }
          ],
          "default": {
            "enabled": true,
            "max-shift": 16
          }
        },
        "align-equals": {
          "anyOf": [
            {
              "type": "boolean"
            },
            {
              "$ref": "#/$defs/AlignmentConfig"
            }
          ],
          "default": {
            "enabled": true,
            "max-shift": 16
          }
        },
        "align-imports": {
          "anyOf": [
            {
              "type": "boolean"
            },
            {
              "$ref": "#/$defs/AlignmentConfig"
            }
          ],
          "default": {
            "enabled": true,
            "max-shift": 16
          }
        },
        "align-match-case": {
          "anyOf": [
            {
              "type": "boolean"
            },
            {
              "$ref": "#/$defs/AlignmentConfig"
            }
          ],
          "default": {
            "enabled": true,
            "max-shift": 16
          }
        },
        "alphabetize": {
          "anyOf": [
            {
              "type": "boolean"
            },
            {
              "$ref": "#/$defs/AlphabetizeConfig"
            }
          ],
          "default": {
            "enabled": true,
            "group-methods": true,
            "sort-definitions": true,
            "sort-docstring-entries": true,
            "sort-dunder-lists": true
          }
        },
        "band-constants": {
          "anyOf": [
            {
              "type": "boolean"
            },
            {
              "$ref": "#/$defs/ToggleOnly"
            }
          ],
          "default": {
            "enabled": true
          }
        },
        "bare-imports": {
          "anyOf": [
            {
              "type": "boolean"
            },
            {
              "$ref": "#/$defs/BareImportsConfig"
            }
          ],
          "default": {
            "allow": [],
            "enabled": true,
            "exempt-aliased": true,
            "max-attributes": 4
          }
        },
        "blank-lines": {
          "anyOf": [
            {
              "type": "boolean"
            },
            {
              "$ref": "#/$defs/ToggleOnly"
            }
          ],
          "default": {
            "enabled": true
          }
        },
        "call-layout": {
          "anyOf": [
            {
              "type": "boolean"
            },
            {
              "$ref": "#/$defs/CallLayoutConfig"
            }
          ],
          "default": {
            "enabled": true,
            "max-args": 3
          }
        },
        "collection-layout": {
          "anyOf": [
            {
              "type": "boolean"
            },
            {
              "$ref": "#/$defs/CollectionLayoutConfig"
            }
          ],
          "default": {
            "collapse": true,
            "enabled": true,
            "explode": true,
            "max-atomics": 8,
            "max-dict-entries": 3,
            "wrap-dict-entries": true
          }
        },
        "docstring-expand": {
          "anyOf": [
            {
              "type": "boolean"
            },
            {
              "$ref": "#/$defs/ToggleOnly"
            }
          ],
          "default": {
            "enabled": true
          }
        },
        "docstring-frame": {
          "anyOf": [
            {
              "type": "boolean"
            },
            {
              "$ref": "#/$defs/ToggleOnly"
            }
          ],
          "default": {
            "enabled": true
          }
        },
        "docstring-wrap": {
          "anyOf": [
            {
              "type": "boolean"
            },
            {
              "$ref": "#/$defs/ToggleOnly"
            }
          ],
          "default": {
            "enabled": true
          }
        },
        "group-imports": {
          "anyOf": [
            {
              "type": "boolean"
            },
            {
              "$ref": "#/$defs/ToggleOnly"
            }
          ],
          "default": {
            "enabled": true
          }
        },
        "import-layout": {
          "anyOf": [
            {
              "type": "boolean"
            },
            {
              "$ref": "#/$defs/ToggleOnly"
            }
          ],
          "default": {
            "enabled": true
          }
        },
        "legacy-union-syntax": {
          "anyOf": [
            {
              "type": "boolean"
            },
            {
              "$ref": "#/$defs/ToggleOnly"
            }
          ],
          "default": {
            "enabled": true
          }
        },
        "reassigned-constants": {
          "anyOf": [
            {
              "type": "boolean"
            },
            {
              "$ref": "#/$defs/ReassignedConstantsConfig"
            }
          ],
          "default": {
            "allow": [],
            "enabled": true
          }
        },
        "shed-parentheses": {
          "anyOf": [
            {
              "type": "boolean"
            },
            {
              "$ref": "#/$defs/ToggleOnly"
            }
          ],
          "default": {
            "enabled": true
          }
        },
        "signature-annotations": {
          "anyOf": [
            {
              "type": "boolean"
            },
            {
              "$ref": "#/$defs/ToggleOnly"
            }
          ],
          "default": {
            "enabled": true
          }
        },
        "signature-layout": {
          "anyOf": [
            {
              "type": "boolean"
            },
            {
              "$ref": "#/$defs/SignatureLayoutConfig"
            }
          ],
          "default": {
            "enabled": true,
            "max-params": 4
          }
        },
        "single-use-variables": {
          "anyOf": [
            {
              "type": "boolean"
            },
            {
              "$ref": "#/$defs/SingleUseVariablesConfig"
            }
          ],
          "default": {
            "allow-pattern": "^_",
            "enabled": true
          }
        },
        "step-narration": {
          "anyOf": [
            {
              "type": "boolean"
            },
            {
              "$ref": "#/$defs/ToggleOnly"
            }
          ],
          "default": {
            "enabled": true
          }
        },
        "strip-align-padding": {
          "anyOf": [
            {
              "type": "boolean"
            },
            {
              "$ref": "#/$defs/ToggleOnly"
            }
          ],
          "default": {
            "enabled": true
          }
        },
        "strip-none-return": {
          "anyOf": [
            {
              "type": "boolean"
            },
            {
              "$ref": "#/$defs/ToggleOnly"
            }
          ],
          "default": {
            "enabled": true
          }
        },
        "strip-trailing-commas": {
          "anyOf": [
            {
              "type": "boolean"
            },
            {
              "$ref": "#/$defs/ToggleOnly"
            }
          ],
          "default": {
            "enabled": true
          }
        },
        "unsorted-parameters": {
          "anyOf": [
            {
              "type": "boolean"
            },
            {
              "$ref": "#/$defs/ToggleOnly"
            }
          ],
          "default": {
            "enabled": true
          }
        },
        "unused-future-annotations": {
          "anyOf": [
            {
              "type": "boolean"
            },
            {
              "$ref": "#/$defs/ToggleOnly"
            }
          ],
          "default": {
            "enabled": true
          }
        }
      },
      "type": "object"
    },
    "SignatureLayoutConfig": {
      "description": "Configuration for the `signature_layout` rule.",
      "properties": {
        "enabled": {
          "default": true,
          "type": "boolean"
        },
        "max-params": {
          "$ref": "#/$defs/InlineBudget",
          "default": 4,
          "description": "The parameter count above which a signature explodes one-per-line,\n`false` leaving width as the only trigger."
        }
      },
      "type": "object"
    },
    "SingleUseVariablesConfig": {
      "description": "Configuration for the `single_use_variables` rule.",
      "properties": {
        "allow-pattern": {
          "default": "^_",
          "description": "A regex whose matching variable names are left un-inlined.",
          "format": "regex",
          "type": "string"
        },
        "enabled": {
          "default": true,
          "type": "boolean"
        }
      },
      "type": "object"
    },
    "ToggleOnly": {
      "description": "Sub-table shape for rules whose only knob is `enabled`.",
      "properties": {
        "enabled": {
          "default": true,
          "type": "boolean"
        }
      },
      "type": "object"
    }
  },
  "$schema": "https://json-schema.org/draft/2020-12/schema",
  "description": "The resolved `prose` configuration, read from a `prose.toml` or\n`.config/prose.toml` document root, or a `pyproject.toml`\n`[tool.prose]` table.\n\n`code_line_length` defaults to `Some(88)`. `docstring_line_length`\ndefaults to `Some(76)`. `import_line_length` defaults to `Some(120)`,\nfalling back to `code_line_length` when `false`.\n`docstring_structured_policy` defaults to `CodeLineLength`.\n`imports.first_party` defaults to empty. `target_version` defaults\nto `None`. Per-rule settings live under `rules`.",
  "properties": {
    "cache": {
      "$ref": "#/$defs/CacheConfig",
      "default": {
        "enabled": true,
        "max-size-mib": 100
      }
    },
    "code-line-length": {
      "default": 88,
      "format": "uint",
      "minimum": 1,
      "type": [
        "integer",
        "null"
      ]
    },
    "docstring-line-length": {
      "default": 76,
      "format": "uint",
      "minimum": 1,
      "type": [
        "integer",
        "null"
      ]
    },
    "docstring-structured-policy": {
      "$ref": "#/$defs/DocstringStructuredPolicy",
      "default": "code-line-length"
    },
    "import-line-length": {
      "anyOf": [
        {
          "format": "uint",
          "minimum": 1,
          "type": "integer"
        },
        {
          "const": false
        }
      ],
      "default": 120
    },
    "imports": {
      "$ref": "#/$defs/ImportsConfig",
      "default": {
        "first-party": []
      }
    },
    "rules": {
      "$ref": "#/$defs/RuleConfigs",
      "default": {
        "align-colons": {
          "enabled": true,
          "max-shift": 16
        },
        "align-comparisons": {
          "enabled": true,
          "max-shift": 16
        },
        "align-equals": {
          "enabled": true,
          "max-shift": 16
        },
        "align-imports": {
          "enabled": true,
          "max-shift": 16
        },
        "align-match-case": {
          "enabled": true,
          "max-shift": 16
        },
        "alphabetize": {
          "enabled": true,
          "group-methods": true,
          "sort-definitions": true,
          "sort-docstring-entries": true,
          "sort-dunder-lists": true
        },
        "band-constants": {
          "enabled": true
        },
        "bare-imports": {
          "allow": [],
          "enabled": true,
          "exempt-aliased": true,
          "max-attributes": 4
        },
        "blank-lines": {
          "enabled": true
        },
        "call-layout": {
          "enabled": true,
          "max-args": 3
        },
        "collection-layout": {
          "collapse": true,
          "enabled": true,
          "explode": true,
          "max-atomics": 8,
          "max-dict-entries": 3,
          "wrap-dict-entries": true
        },
        "docstring-expand": {
          "enabled": true
        },
        "docstring-frame": {
          "enabled": true
        },
        "docstring-wrap": {
          "enabled": true
        },
        "group-imports": {
          "enabled": true
        },
        "import-layout": {
          "enabled": true
        },
        "legacy-union-syntax": {
          "enabled": true
        },
        "reassigned-constants": {
          "allow": [],
          "enabled": true
        },
        "shed-parentheses": {
          "enabled": true
        },
        "signature-annotations": {
          "enabled": true
        },
        "signature-layout": {
          "enabled": true,
          "max-params": 4
        },
        "single-use-variables": {
          "allow-pattern": "^_",
          "enabled": true
        },
        "step-narration": {
          "enabled": true
        },
        "strip-align-padding": {
          "enabled": true
        },
        "strip-none-return": {
          "enabled": true
        },
        "strip-trailing-commas": {
          "enabled": true
        },
        "unsorted-parameters": {
          "enabled": true
        },
        "unused-future-annotations": {
          "enabled": true
        }
      }
    },
    "target-version": {
      "anyOf": [
        {
          "$ref": "#/$defs/PythonVersion"
        },
        {
          "type": "null"
        }
      ],
      "default": null
    }
  },
  "title": "Config",
  "type": "object"
}
