---
source: crate/tests/integration.rs
expression: snapshot
input_file: crate/tests/fixtures/reflow_collections/nested_call_takes_keyword_form/input.py
---
def build(alpha_parameter, beta_parameter, gamma_parameter):
    return alpha_parameter


pairs = [
    build(
        alpha_parameter="a much longer string value here",
        beta_parameter="another much longer string value",
        gamma_parameter="a third value"
    ),
    None
]
