---
source: tests/integration.rs
assertion_line: 28
expression: output
input_file: tests/fixtures/composition/optional_union_constant_annotations_align/input.py
---
from typing import Optional, Union

ALPHA: Optional[str]        = None
BRAVO: Union[int, str]      = 0
CHARLIE_LONG: Optional[int] = 12
