---
source: tests/integration.rs
expression: output
input_file: tests/fixtures/composition/overflow_dict_constants_rewrite_legacy_union/input.py
---
from typing import Optional, Union

PRIMARY = {
    "alpha"      : Optional[str],
    "beta"       : Union[int, str],
    "delta_long" : Union[bool, None],
    "gamma"      : Optional[int]
}
SECONDARY = "fallback"
