---
source: tests/diagnostics.rs
expression: json
input_file: tests/fixtures/bare_imports/attribute_reached_inside_functions_flags/input.py
---
[
  {
    "code": "bare-imports",
    "end_location": {
      "column": 13,
      "row": 1
    },
    "fix": null,
    "location": {
      "column": 8,
      "row": 1
    },
    "message": "bare import `torch` reaches 1 of its attributes. Rewrite as `from torch import ...` naming only the symbols this module uses"
  }
]
