---
source: tests/diagnostics.rs
expression: json
input_file: tests/fixtures/bare_imports/compound_segments_partially_flagged/input.py
---
[
  {
    "code": "bare-imports",
    "end_location": {
      "column": 10,
      "row": 1
    },
    "fix": null,
    "location": {
      "column": 8,
      "row": 1
    },
    "message": "bare import `os` outside allowlist. Rewrite as `from os import ...` listing only the symbols this module uses"
  },
  {
    "code": "bare-imports",
    "end_location": {
      "column": 15,
      "row": 1
    },
    "fix": null,
    "location": {
      "column": 12,
      "row": 1
    },
    "message": "bare import `sys` outside allowlist. Rewrite as `from sys import ...` listing only the symbols this module uses"
  }
]
