---
source: tests/diagnostics.rs
expression: json
input_file: tests/fixtures/composition/drop_future_then_flag_step_comments/input.py
---
[
  {
    "code": "step-narration",
    "end_location": {
      "column": 25,
      "row": 5
    },
    "fix": null,
    "location": {
      "column": 5,
      "row": 5
    },
    "message": "numbered-step comment found. Consider extracting each step as a named function"
  },
  {
    "code": "step-narration",
    "end_location": {
      "column": 25,
      "row": 7
    },
    "fix": null,
    "location": {
      "column": 5,
      "row": 7
    },
    "message": "numbered-step comment found. Consider extracting each step as a named function"
  }
]
