---
source: tests/integration.rs
expression: render(&diagnostics)
input_file: tests/fixtures/composition/init_assigns_then_method_sort/input.py
---
align-equals@68..97
alphabetize-siblings@142..276
space-statements@133..134
space-statements@14..15
space-statements@178..179
space-statements@227..228
