---
source: crate/tests/binding_analysis.rs
expression: source.binding_analysis()
input_file: crate/tests/fixtures/binding_analysis/with_as_binds_enclosing/input.py
---
bindings:
  - annotation_read: false
    attributes: []
    bare_read: false
    first_unconditional_write: 4
    kinds:
      - FunctionDef
    name: read_lines
    read_offsets: []
    runtime_read: false
    scope: 0
    write_offsets:
      - 4
  - annotation_read: false
    attributes: []
    bare_read: true
    first_unconditional_write: 15
    kinds:
      - Parameter
    name: path
    read_offsets:
      - 36
    runtime_read: false
    scope: 1
    write_offsets:
      - 15
  - annotation_read: false
    attributes:
      - readlines
    bare_read: false
    first_unconditional_write: 45
    kinds:
      - With
    name: f
    read_offsets:
      - 63
    runtime_read: false
    scope: 1
    write_offsets:
      - 45
scopes:
  - bindings:
      read_lines: 0
    kind: Module
    parent: ~
  - bindings:
      path: 1
      f: 2
    kind: Function
    parent: 0
