---
source: crate/tests/integration.rs
expression: snapshot
input_file: crate/tests/fixtures/shed_super_args/async_and_nested_receiver_shortened/input.py
---
class Base:
    def items(self):
        return []


class Child(Base):
    async def items(self):
        return super().items()

    def wrapped(self):
        def inner(self):
            return super().items()

        return inner(self)
