---
source: crate/tests/integration.rs
expression: snapshot
input_file: crate/tests/fixtures/docstring_wrap/entry_shaped_continuation_stays_joined/input.py
---
def describe():
    """
    Args:
        outer: A description that ends nested: it picks up here.
        after: The entry that follows it.
    """
