---
source: crate/tests/integration.rs
expression: render(&diagnostics)
input_file: crate/tests/fixtures/composition/overflow_dict_constants_modernize_unions/input.py
---
alphabetize-siblings@97..150
modernize-annotations@0..35
modernize-annotations@105..118
modernize-annotations@134..151
modernize-annotations@56..69
modernize-annotations@79..94
reflow-collections@47..151
