---
source: tests/integration.rs
expression: output
input_file: tests/fixtures/no_step_narration/multiple_steps.input.py
---
"""
A run of numbered-step comments earns one diagnostic per matching
comment, with the ranges pinned to each comment in turn.
"""


def process(payload):
    # 1. normalize whitespace
    cleaned = payload.strip()
    # 2. lowercase the result
    folded = cleaned.lower()
    # Step 3: emit the value
    return folded
