---
source: tests/integration.rs
expression: output
input_file: tests/fixtures/composition/varied_param_colons_and_defaults_align/input.py
---
def configure(
    host : str = "localhost",
    port : int = 8080,
    timeout_seconds : float = 30.0,
    retries         : int   = 3,
):
    return (host, port, timeout_seconds, retries)
