---
source: tests/integration.rs
expression: output
input_file: tests/fixtures/collection_layout/list_atomics_flow_pack/input.py
---
short_list = [2, 3, 5, 7, 11, 13]
long_list = [
    "San Francisco", "Los Angeles", "New York", "Chicago", "Boston", "Seattle", "Miami"
]
collapsing_list = [2, 3, 5, 7, 11]
