---
source: tests/integration.rs
expression: output
input_file: tests/fixtures/alphabetize/canonical_import_order.input.py
---
"""
Reorders a scrambled block of bare, external `from`, and relative
imports into the canonical bare → external `from` → local-package
order, sorting within each group and ranking relative imports by
level then module.
"""

import os
import sys
from collections import Counter
from pathlib import Path
from . import helpers
from .config import settings
from ..shared import base
