---
source: tests/integration.rs
expression: "&output"
input_file: tests/fixtures/alphabetize/del_targets.input.py
---
"""
`del a, b, c` targets alphabetize because each delete is
independent of the others. The targets are scrubbed by source-
text key, mirroring how set literal elements sort.
"""

def cleanup():
    cache = {}
    buffer = []
    registry = {}
    del buffer, cache, registry
