---
source: tests/integration.rs
expression: output
input_file: tests/fixtures/alphabetize/docstring_yields_entries.input.py
---
"""
The `Yields:` section reorders alphabetically when each entry
carries a `name: description` shape.
"""


def stream(source):
    """Yield each record from `source`.

    Yields:
        offset: The byte offset of the current record.
        record: The parsed record body.
        token: The next token in the stream.
    """
    return source
