---
source: tests/integration.rs
expression: "&output"
input_file: tests/fixtures/alphabetize/dunder_all.input.py
---
"""
The string-literal items inside `__all__` alphabetize by string
value. Detection is by target simple name because the dunder-list
convention is what makes the list documentary; ordinary list
assignments stay untouched.
"""

__all__ = [
    "Catalog",
    "Posting",
    "aggregate",
    "render",
]


regular_list = ["b", "a", "c"]
