---
source: tests/integration.rs
expression: "&output"
input_file: tests/fixtures/alphabetize/pydantic.input.py
---
"""
Pydantic fields split into required (no default) and optional (has
default) sub-groups. Each sub-group alphabetizes independently and
the required group lands above the optional group regardless of
source order.
"""

from pydantic import BaseModel


class Posting(BaseModel):
    company: str
    date_posted: str
    url: str
    description: str | None = None
    location: str | None = None
    title: str = "Untitled"
