---
source: tests/integration.rs
expression: "&output"
input_file: tests/fixtures/alphabetize/type_checking_block.input.py
---
"""
`from`-import runs inside `if TYPE_CHECKING` blocks alphabetize the
same way they do at module level. The compound-statement recursion
threads the enclosing scope into each sub-body, so module-scope
reorders fire inside `if`, `for`, `while`, `with`, `try`, and
`match` arms without needing per-shape special-cases.
"""

from typing import TYPE_CHECKING


if TYPE_CHECKING:
    from alpha import beta
    from beta import gamma
    from zeta import alpha
