---
source: crate/tests/integration.rs
expression: snapshot
input_file: crate/tests/fixtures/composition/hoisted_constant_joins_the_import_runs/input.py
---
from pkg.alpha       import first
from pkg.alpha       import second
from pkg.beta_module import third

LIMIT = 3

print(first, second, third, LIMIT)
