---
source: tests/integration.rs
assertion_line: 28
expression: output
input_file: tests/fixtures/align_equals/multiline_value_breaks_group.input.py
---
"""
A right-hand side that spans multiple source lines breaks the
alignment group, so the following single-line assignment lands in
its own group rather than aligning across the multi-line entry.
"""

PRIMARY = {
    "alpha": 1,
    "beta": 2,
}
SECONDARY = 3
