---
source: crate/tests/integration.rs
expression: render(diagnostics)
input_file: crate/tests/fixtures/thematic/padded_entry_holds_where_its_rebuild_fits/input.py
---
line-overflow@37..80
space-statements@15..16
strip-stranded-padding@63..64
strip-stranded-padding@71..72
strip-stranded-padding@78..79
