---
source: tests/integration.rs
expression: output
input_file: tests/fixtures/alphabetize/function_body_import_runs_sort/input.py
---
"""
`from`-import and bare `import` runs alphabetize inside function
bodies just like at module scope. Function bodies otherwise skip
class, method, and field reorders because their statements carry
sequential semantics, but Python imports are idempotent and order-
independent, so import-run sorts apply uniformly across every
body shape.
"""

def f():
    from alpha import b
    from zeta import a
    return a + b


def g():
    import argparse
    import zlib
    return argparse, zlib
