---
source: crate/tests/integration.rs
expression: render(&diagnostics)
input_file: crate/tests/fixtures/thematic/service_module_full_pipeline/input.py
---
align-colons@247..316
align-equals@101..114
align-equals@252..302
alphabetize-siblings@7..822
band-constants@7..607
frame-docstrings@373..426
group-imports@11..48
miscased-constants@106..113
reflow-collections@735..822
reflow-signatures@626..695
signature-annotations@348..356
signature-annotations@555..559
signature-annotations@612..625
signature-annotations@626..632
signature-annotations@634..662
signature-annotations@664..671
signature-annotations@673..677
signature-annotations@679..686
signature-annotations@688..695
space-statements@10..11
space-statements@204..205
space-statements@236..237
space-statements@339..340
space-statements@38..39
space-statements@477..478
space-statements@48..49
space-statements@546..547
space-statements@607..608
space-statements@89..90
unsorted-positionals@241..339
unsorted-positionals@625..696
