---
source: crate/tests/integration.rs
expression: snapshot
input_file: crate/tests/fixtures/shed_super_args/aligned_continuation_holds/input.py
---
class Connection:
    def __init__(self, host, port, timeout):
        self.host = host


class SecureConnection(Connection):
    def __init__(self, host, port, timeout):
        super(SecureConnection, self).__init__(host,
                                               port,
                                               timeout)
