---
source: crate/tests/integration.rs
expression: snapshot
input_file: crate/tests/fixtures/alphabetize_siblings/sort_dict_keys_false_keeps_order/input.py
---
COLUMNS = {
    "model"     : "name",
    "epochs"    : "count",
    "parameters": "params",
    "tags"      : {"alpha", "zeta"},
}

TAGS = {"alpha", "mu", "zeta"}
