---
source: tests/integration.rs
expression: output
input_file: tests/fixtures/docstring_wrap/policy_docstring_line_length.input.py
---
"""
A `.config.toml` sidecar flips `docstring-structured-policy` to the
docstring budget so non-entry section bodies wrap at seventy six rather than
the default eighty eight.
"""


def configure():
    """
    Summary line.

    Note:
        A long note paragraph that exceeds the seventy six character
        docstring budget when the policy selects that budget for structured-
        section bodies.
    """
