---
source: crate/tests/integration.rs
expression: snapshot
input_file: crate/tests/fixtures/prune_inert_imports/py314_target_holds_directive_for_type_checking_name/input.py
---
from __future__ import annotations

from typing import TYPE_CHECKING

if TYPE_CHECKING:
    from typing import IO

trace_file: IO[str] | None = None
