---
source: tests/diagnostics.rs
expression: json
input_file: tests/fixtures/single_use_variables/call_value_flags_without_subscript/input.py
---
[
  {
    "code": "single-use-variables",
    "end_location": {
      "column": 9,
      "row": 2
    },
    "fix": null,
    "location": {
      "column": 5,
      "row": 2
    },
    "message": "`name` is assigned and used once. Consider inlining"
  },
  {
    "code": "single-use-variables",
    "end_location": {
      "column": 16,
      "row": 2
    },
    "fix": null,
    "location": {
      "column": 11,
      "row": 2
    },
    "message": "`value` is assigned and used once. Consider inlining"
  }
]
