---
source: crate/tests/integration.rs
expression: json
input_file: crate/tests/fixtures/miscased_constants/same_name_function_local_still_flags/input.py
---
[
  {
    "code": "miscased-constants",
    "end_location": {
      "column": 12,
      "row": 1
    },
    "fix": {
      "applicability": "displayonly",
      "edits": [
        {
          "before": "max_retries",
          "content": "MAX_RETRIES"
        }
      ]
    },
    "location": {
      "column": 1,
      "row": 1
    },
    "message": "Module constant `max_retries` is not SCREAMING_CASE"
  }
]
