---
source: tests/integration.rs
expression: output
input_file: tests/fixtures/collection_layout/count_nests_outermost_first/input.py
---
outer = {
    "a": 1,
    "b": 2,
    "c": 3,
    "inner": {"x": 1, "y": 2}
}
nested_trips = {
    "a": 1,
    "b": 2,
    "deep": {
        "p": 1,
        "q": 2,
        "r": 3,
        "s": 4
    }
}
