{
  "glossary": {
    "alignment": {
      "definition": "Lining up tokens on a shared column.",
      "href": "/concepts/alignment",
      "slug": "alignment"
    },
    "align": {
      "definition": "Lining up tokens on a shared column.",
      "href": "/concepts/alignment",
      "slug": "alignment"
    },
    "engine": {
      "definition": "The formatting core.",
      "slug": "engine"
    }
  },
  "primitives": {
    "foo": {
      "href": "/primitives/foo",
      "title": "Foo Primitive"
    },
    "bar": {
      "href": "/primitives/bar",
      "title": "bar"
    }
  },
  "rules": {
    "align-equals": {
      "badge": "⚖️",
      "caption": "Aligns equals signs",
      "family": "alignment",
      "href": "/rules/alignment/align-equals"
    },
    "align-colons": {
      "badge": "⚖️",
      "caption": "Aligns colons",
      "family": "alignment",
      "href": "/rules/alignment/align-colons"
    },
    "bare-imports": {
      "badge": "🔎",
      "caption": "Flags bare imports",
      "family": "lint",
      "href": "/rules/lint/bare-imports"
    },
    "alphabetize": {
      "badge": "",
      "caption": "",
      "family": "ordering",
      "href": "/rules/ordering/alphabetize"
    }
  }
}