---
source: tests/integration.rs
expression: "apply(rule, source)"
input_file: tests/fixtures/align_equals_skip/shift_limit_skip.input.py
---
"""
Under the `skip` policy, a group whose widest padding would exceed
`max-align-shift` stays entirely untouched, outlier and neighbors
alike. No member's whitespace changes.
"""

short = 1
medium_size = 2
really_really_long_target = 3
longer = 4
tiny = 5
