---
source: tests/integration.rs
expression: output
input_file: tests/fixtures/docstring_wrap/list_items_not_reflowed/input.py
---
def example():
    """
    The supported markers cover the conventional set:

    - dash markers introduce an unordered list item that may run as long as the author wants without being split
    - star markers behave the same way under the same line budget
    + plus markers also work, mirroring the CommonMark allowed marker set
    1. numeric ordered items are recognized as list items too

    Continuation prose after the list resumes the description budget.
    """
    return 1
