---
source: tests/diagnostics.rs
assertion_line: 36
expression: render(&diagnostics)
input_file: tests/fixtures/composition/signature_args_diverging_colon_columns/input.py
---
align-colons@133..133
align-colons@255..255
align-colons@26..26
align-colons@381..381
align-colons@45..45
align-colons@67..67
docstring-wrap@206..457
