---
source: tests/diagnostics.rs
expression: render(&diagnostics)
input_file: tests/fixtures/composition/docstring_signature_and_args_independent_colons.input.py
---
align-colons@496..496
align-colons@515..515
align-colons@537..537
align-colons@603..603
align-colons@725..725
align-colons@851..851
docstring-wrap@676..927
docstring-wrap@68..313
