---
source: crate/tests/integration.rs
expression: render(&diagnostics)
input_file: crate/tests/fixtures/composition/external_before_local_no_bare_group/input.py
---
align-imports@6..87
alphabetize-siblings@5..97
group-imports@5..97
space-statements@20..21
space-statements@52..53
space-statements@74..75
