---
source: crate/tests/integration.rs
expression: snapshot
input_file: crate/tests/fixtures/line_overflow/docstring_row_left_as_written_reports/input.py
---
def fetch():
    """
    Fetch the resource this module names from its canonical location on the
    network, retrying.

    https://example.com/a/deeply/nested/path/that/runs/well/past/the/docstring/budget/index.html

    Return the parsed payload once the server answers, raising on any status
    past the budget.
    """
