---
source: crate/tests/integration.rs
expression: json
input_file: crate/tests/fixtures/thematic/document_archive_docstring_pipeline/input.py
---
[
  {
    "code": "bare-imports",
    "end_location": {
      "column": 15,
      "row": 7
    },
    "fix": null,
    "location": {
      "column": 8,
      "row": 7
    },
    "message": "Bare import `hashlib` reaches 1 of its attributes. Rewrite as `from hashlib import ...` naming only the symbols this module uses"
  },
  {
    "code": "bare-imports",
    "end_location": {
      "column": 12,
      "row": 8
    },
    "fix": null,
    "location": {
      "column": 8,
      "row": 8
    },
    "message": "Bare import `json` reaches 1 of its attributes. Rewrite as `from json import ...` naming only the symbols this module uses"
  },
  {
    "code": "unsorted-positionals",
    "end_location": {
      "column": 37,
      "row": 23
    },
    "fix": null,
    "location": {
      "column": 17,
      "row": 23
    },
    "message": "Positional run is out of alphabetical order. Reordering rebinds every positional call site, so apply it by hand where every caller binds by keyword"
  },
  {
    "code": "unsorted-positionals",
    "end_location": {
      "column": 2,
      "row": 59
    },
    "fix": null,
    "location": {
      "column": 19,
      "row": 53
    },
    "message": "Positional run is out of alphabetical order. Reordering rebinds every positional call site, so apply it by hand where every caller binds by keyword"
  },
  {
    "code": "signature-annotations",
    "end_location": {
      "column": 28,
      "row": 23
    },
    "fix": null,
    "location": {
      "column": 24,
      "row": 23
    },
    "message": "Parameter `root` has no type annotation"
  },
  {
    "code": "signature-annotations",
    "end_location": {
      "column": 36,
      "row": 23
    },
    "fix": null,
    "location": {
      "column": 30,
      "row": 23
    },
    "message": "Parameter `loader` has no type annotation"
  },
  {
    "code": "signature-annotations",
    "end_location": {
      "column": 22,
      "row": 29
    },
    "fix": null,
    "location": {
      "column": 19,
      "row": 29
    },
    "message": "Parameter `key` has no type annotation"
  },
  {
    "code": "signature-annotations",
    "end_location": {
      "column": 12,
      "row": 29
    },
    "fix": null,
    "location": {
      "column": 9,
      "row": 29
    },
    "message": "`get` returns a value but has no return type annotation"
  },
  {
    "code": "signature-annotations",
    "end_location": {
      "column": 23,
      "row": 38
    },
    "fix": null,
    "location": {
      "column": 11,
      "row": 38
    },
    "message": "Parameter `archive_root` has no type annotation"
  },
  {
    "code": "signature-annotations",
    "end_location": {
      "column": 13,
      "row": 56
    },
    "fix": null,
    "location": {
      "column": 5,
      "row": 56
    },
    "message": "Parameter `encoding` has no type annotation"
  },
  {
    "code": "signature-annotations",
    "end_location": {
      "column": 11,
      "row": 57
    },
    "fix": null,
    "location": {
      "column": 5,
      "row": 57
    },
    "message": "Parameter `indent` has no type annotation"
  },
  {
    "code": "signature-annotations",
    "end_location": {
      "column": 14,
      "row": 58
    },
    "fix": null,
    "location": {
      "column": 5,
      "row": 58
    },
    "message": "Parameter `overwrite` has no type annotation"
  }
]
