---
source: tests/integration.rs
expression: output
input_file: tests/fixtures/alphabetize/match_case_no_cross_arm/input.py
---
"""
Each `match` case arm sorts its body independently. The arms do
not share a sort key space, so identical import names in two arms
do not migrate across the case boundary.
"""

match value:
    case 1:
        from alpha import b
        from zeta import a
    case 2:
        from beta import d
        from gamma import c
    case _:
        pass
