---
source: tests/integration.rs
assertion_line: 28
expression: output
input_file: tests/fixtures/align_colons/narrow_singleton_strip.input.py
---
"""
Class fields whose widths split into sub-groups under the rule's
`max-shift` cap. A single narrow field falls into its own singleton
sub-group whose width sits below the surrounding sub-groups' max,
triggering the strip-to-zero collapse rather than the wide-singleton
anchor.
"""

class Packet:
    connection  : int
    descriptors : list
    n: int
    payload_size   : int
    request_buffer : bytes
