---
source: tests/integration.rs
expression: output
input_file: tests/fixtures/collection_layout/tuple_collapse_keeps_brackets/input.py
---
"""
A multi-line tuple whose assembled inline form fits collapses back to
one line, preserving its source-level bracket shape: a parenthesized
tuple keeps its parens, a bare tuple stays bare, and a one-element
tuple keeps its trailing comma. Single-line tuples are left alone
because the expand path does not handle tuples, only the collapse
path does. The visitor still descends through a tuple's elements, so
a qualifying inner collection inside an inline tuple expands when it
overflows the budget at its own column.
"""

paren_tuple = (1, 2, 3)
bare_tuple = 4, 5, 6
collapsing_paren_tuple = (1, 2, 3)
collapsing_one_element = (42,)
qualifying_inner_in_tuple = (1, {
    "first_key": 100,
    "second_key": 200,
    "third_key": 300,
    "fourth_key": 400,
    "fifth_key": 500
}, 3)
