---
source: tests/integration.rs
expression: output
input_file: tests/fixtures/docstring_wrap/body_indent_continuation_rewraps/input.py
---
def configure():
    """
    Summary line.

    Args:
        foo: A descriptive parameter that is already split across two
             source lines at the section body indent rather than under the
             description.
    """
