---
source: crate/tests/integration.rs
expression: snapshot
input_file: crate/tests/fixtures/restated_types/heading_synonyms_flagged/input.py
---
def render(width: int, *, depth: int, height: int):
    """
    Render a box.

    Parameters:
        width (int): The horizontal extent.

    Keyword Arguments:
        depth (int): The depth of the box.
        height (int): The vertical extent.
    """
