---
source: crate/tests/integration.rs
expression: json
input_file: crate/tests/fixtures/line_overflow/concat_docstring_still_reports/input.py
---
[
  {
    "code": "line-overflow",
    "end_location": {
      "column": 51,
      "row": 2
    },
    "fix": null,
    "location": {
      "column": 1,
      "row": 2
    },
    "message": "Line is 50 columns, over the 40-column budget, with no legal reshape"
  }
]
