---
source: tests/integration.rs
expression: output
input_file: tests/fixtures/thematic/predicate_evaluator.input.py
---
"""
Predicate-heavy function exercising the full alignment surface. Every
qualifying comparison operand joins one right-aligned group, with
arithmetic, identity, membership, and a chained compare anchored on its
first operator all participating in the shared column.
"""


def is_ready(rec):
    return (
        rec.kind          == "task"
        and rec.score      > 0
        and 1             <= rec.age <= 99
        and rec.owner     is None
        and rec.tag   not in BLOCKED
    )
