---
source: tests/integration.rs
expression: render(&diagnostics)
input_file: tests/fixtures/composition/method_holds_match_returns_then_sort/input.py
---
align-match-case@151..267
alphabetize-siblings@33..340
space-statements@111..112
space-statements@17..18
space-statements@281..282
space-statements@76..77
