// Vitest Snapshot v1, https://vitest.dev/guide/snapshot.html

exports[`discoverPrimitives > discovers primitives sorted by filename 1`] = `
[
  {
    "consumedBy": [
      "some-rule",
    ],
    "consumes": [],
    "layer": "base",
    "name": "Aligner",
    "slug": "aligner",
    "stability": "public",
    "summary": "A test aligner primitive.",
    "tagline": "test aligner",
  },
  {
    "consumedBy": [
      "cli",
    ],
    "consumes": [
      "aligner",
    ],
    "layer": "orchestration",
    "name": "Pipeline",
    "slug": "pipeline",
    "stability": "internal",
    "summary": "A test pipeline primitive.",
    "tagline": "test pipeline",
  },
]
`;

exports[`discoverRuleSlugs > discovers rules across family directories, sorted by slug 1`] = `
[
  {
    "caption": "Align consecutive assignments",
    "category": "auto-fix",
    "family": "alignment",
    "href": "/rules/alignment/align-equals",
    "related": [
      "alphabetize",
    ],
    "slug": "align-equals",
  },
  {
    "caption": "Alphabetize sibling entries",
    "category": "auto-fix",
    "family": "ordering",
    "href": "/rules/ordering/alphabetize",
    "related": [],
    "slug": "alphabetize",
  },
]
`;
