// Vitest Snapshot v1, https://vitest.dev/guide/snapshot.html

exports[`enumeratePages > shapes an OgPage per chapter page, skipping index and off-chapter pages 1`] = `
[
  {
    "accent": undefined,
    "breadcrumb": [
      "Rules",
    ],
    "kind": "rules",
    "outputPath": "og/rules/index.png",
    "title": "Rules",
  },
  {
    "accent": "#e8c840",
    "breadcrumb": [
      "Rules",
    ],
    "kind": "rules",
    "outputPath": "og/rules/alignment/index.png",
    "title": "Alignment",
  },
  {
    "accent": "#e8c840",
    "breadcrumb": [
      "Rules",
      "Alignment",
    ],
    "caption": "A demonstration rule",
    "category": "auto-fix",
    "family": "alignment",
    "kind": "rules",
    "outputPath": "og/rules/alignment/demo-rule.png",
    "pipeline": undefined,
    "title": "Demo Rule",
  },
  {
    "accent": "#6db0b5",
    "breadcrumb": [
      "Primitives",
    ],
    "kind": "primitives",
    "outputPath": "og/primitives/aligner.png",
    "primitive": {
      "stability": "public",
    },
    "title": "Aligner",
  },
  {
    "accent": "#adbdcd",
    "breadcrumb": [
      "Reference",
    ],
    "kind": "reference",
    "outputPath": "og/reference/cli.png",
    "title": "Command Line Interface",
  },
  {
    "accent": "#cdbda5",
    "breadcrumb": [
      "Usage",
    ],
    "kind": "usage",
    "outputPath": "og/usage/quick-start.png",
    "title": "Quick Start",
  },
  {
    "accent": "#b8c8a8",
    "breadcrumb": [
      "Integrations",
    ],
    "kind": "integrations",
    "outputPath": "og/integrations/editor.png",
    "title": "Editor",
  },
]
`;
