// Vitest Snapshot v1, https://vitest.dev/guide/snapshot.html

exports[`buildSidebar > builds the route-keyed sidebar tree 1`] = `
{
  "/integrations/": [
    {
      "items": [
        {
          "link": "/integrations/",
          "text": "Overview",
        },
        {
          "link": "/integrations/editor",
          "text": "Editor",
        },
        {
          "link": "/integrations/github-actions",
          "text": "GitHub Actions",
        },
        {
          "link": "/integrations/pre-commit",
          "text": "Pre-Commit",
        },
        {
          "link": "/integrations/ruff",
          "text": "Ruff",
        },
        {
          "link": "/integrations/shell-completions",
          "text": "Shell Completions",
        },
      ],
      "text": "Integrations",
    },
  ],
  "/primitives/": [
    {
      "items": [
        {
          "link": "/primitives/",
          "text": "Overview",
        },
      ],
      "text": "Primitives",
    },
    {
      "items": [
        {
          "link": "/primitives/aligner",
          "text": "Aligner",
        },
      ],
      "text": "Public Surface",
    },
    {
      "items": [
        {
          "link": "/primitives/pipeline",
          "text": "Pipeline",
        },
      ],
      "text": "Crate Internal",
    },
  ],
  "/reference/": [
    {
      "items": [
        {
          "link": "/reference/",
          "text": "Overview",
        },
        {
          "link": "/reference/cache",
          "text": "Cache",
        },
        {
          "link": "/reference/cli",
          "text": "CLI",
        },
        {
          "link": "/reference/configuration",
          "text": "Configuration",
        },
        {
          "link": "/reference/exit-codes",
          "text": "Exit Codes",
        },
        {
          "link": "/reference/glossary",
          "text": "Glossary",
        },
        {
          "link": "/reference/output-formats",
          "text": "Output Formats",
        },
        {
          "link": "/reference/pipeline-order",
          "text": "Pipeline Order",
        },
        {
          "link": "/reference/suppression-directives",
          "text": "Suppression Directives",
        },
      ],
      "text": "Reference",
    },
  ],
  "/rules/": [
    {
      "items": [
        {
          "link": "/rules/",
          "text": "Overview",
        },
        {
          "link": "/rules/composition/",
          "text": "Composition",
        },
      ],
      "text": "Rules",
    },
    {
      "items": [
        {
          "link": "/rules/alignment/align-equals",
          "text": "align-equals",
        },
      ],
      "link": "/rules/alignment/",
      "text": "Alignment",
    },
    {
      "items": [],
      "link": "/rules/docs/",
      "text": "Docs",
    },
    {
      "items": [],
      "link": "/rules/formatting/",
      "text": "Formatting",
    },
    {
      "items": [],
      "link": "/rules/layout/",
      "text": "Layout",
    },
    {
      "items": [],
      "link": "/rules/lint/",
      "text": "Lint",
    },
    {
      "items": [
        {
          "link": "/rules/ordering/alphabetize",
          "text": "alphabetize",
        },
      ],
      "link": "/rules/ordering/",
      "text": "Ordering",
    },
  ],
  "/usage/": [
    {
      "items": [
        {
          "link": "/usage/",
          "text": "Overview",
        },
        {
          "link": "/usage/installation",
          "text": "Installation",
        },
        {
          "link": "/usage/quick-start",
          "text": "Quick Start",
        },
        {
          "link": "/usage/suppression",
          "text": "Suppression",
        },
      ],
      "text": "Usage",
    },
  ],
}
`;
