---
source: crate/tests/integration.rs
expression: snapshot
input_file: crate/tests/fixtures/normalize_comparisons/identity_facet_off_leaves_the_others_running/input.py
---
def classify(flag, key, table, value):
    if value == None:
        return flag
    if flag == True:
        return value
    if len(table) == 0:
        return key
    if key not in table:
        return value
    return value
