---
source: tests/diagnostics.rs
assertion_line: 36
expression: render(&diagnostics)
input_file: tests/fixtures/thematic/dataclass_fields_and_docstring_reshape/input.py
---
align-colons@106..106
align-colons@130..130
align-colons@156..156
align-colons@179..179
align-colons@77..77
align-equals@117..118
align-equals@144..145
align-equals@201..202
align-equals@87..88
alphabetize@69..195
blank-lines@196..197
blank-lines@64..65
no-single-line-docstrings@231..261
