---
source: crate/tests/integration.rs
expression: snapshot
input_file: crate/tests/fixtures/reflow_calls/twice_bracketed_operand_holds_its_floor/input.py
---
emit(
    alpha_value,
    beta_value,
    compute_the_first(
        first_argument,
    ) + compute_the_second(
        second_argument,
    ),
    delta_value
)
