---
source: tests/diagnostics.rs
expression: json
input_file: tests/fixtures/bare_imports/raising_max_attributes_flags_wide/input.py
---
[
  {
    "code": "bare-imports",
    "end_location": {
      "column": 10,
      "row": 1
    },
    "fix": null,
    "location": {
      "column": 8,
      "row": 1
    },
    "message": "bare import `os` reaches 5 of its attributes. Rewrite as `from os import ...` naming only the symbols this module uses"
  }
]
