---
source: tests/diagnostics.rs
expression: json
input_file: tests/fixtures/thematic/match_arms_split_and_collapse/input.py
---
[
  {
    "code": "loose-constants",
    "end_location": {
      "column": 38,
      "row": 13
    },
    "fix": null,
    "location": {
      "column": 1,
      "row": 13
    },
    "message": "module-level constant `SETTINGS` found. Consider an enum member, a class field, or a function-local"
  }
]
