---
source: crate/tests/integration.rs
expression: snapshot
input_file: crate/tests/fixtures/bare_super/commented_arguments_kept/input.py
---
class Base:
    def apply(self):
        return 1


class Child(Base):
    def apply(self):
        return super(
            Child,  # the defining class
            self
        ).apply()
