[
  {
    "attrs": {
      "href": "https://prose.fyi/rules/alignment/align-colons/",
      "rel": "canonical"
    },
    "tag": "link"
  },
  {
    "attrs": {
      "content": "https://prose.fyi/og/rules/alignment/align-colons.png",
      "property": "og:image"
    },
    "tag": "meta"
  },
  {
    "attrs": {
      "content": "1200",
      "property": "og:image:width"
    },
    "tag": "meta"
  },
  {
    "attrs": {
      "content": "630",
      "property": "og:image:height"
    },
    "tag": "meta"
  },
  {
    "attrs": {
      "content": "image/png",
      "property": "og:image:type"
    },
    "tag": "meta"
  },
  {
    "attrs": {
      "content": "Capped card",
      "property": "og:image:alt"
    },
    "tag": "meta"
  },
  {
    "attrs": {
      "content": "https://prose.fyi/og/rules/alignment/align-colons.png",
      "name": "twitter:image"
    },
    "tag": "meta"
  },
  {
    "attrs": {
      "content": "Capped card",
      "name": "twitter:image:alt"
    },
    "tag": "meta"
  },
  {
    "attrs": {
      "content": "A capped card.",
      "name": "description"
    },
    "tag": "meta"
  },
  {
    "attrs": {
      "content": "A capped card.",
      "property": "og:description"
    },
    "tag": "meta"
  },
  {
    "attrs": {
      "type": "application/ld+json"
    },
    "content": "{\"@context\":\"https://schema.org\",\"@type\":\"TechArticle\",\"description\":\"A capped card.\",\"headline\":\"Capped\",\"image\":\"https://prose.fyi/og/rules/alignment/align-colons.png\",\"url\":\"https://prose.fyi/rules/alignment/align-colons/\"}",
    "tag": "script"
  }
]