---
source: crate/tests/integration.rs
expression: snapshot
input_file: crate/tests/fixtures/composition/padded_template_tuple_counts_its_padding_once/input.py
---
def collect(results, exc):
    results.append(
        {
            "faultCode": 1,
            "faultString":
                f"{type(exc)}:{exc}"
        }
    )
