---
source: crate/tests/integration.rs
expression: snapshot
input_file: crate/tests/fixtures/composition/new_entry_in_an_aligned_dict_expands_into_its_column/input.py
---
ENDPOINTS = {
    "/repos/{owner}/{repo}/actions/runs/{run_id}/attempts/{attempt}" : [read],
    "/repos/{owner}/{repo}/pulls/{number}/reviewers"                 : [
        read, edit
    ],
    "/repos/{owner}/{repo}/issues/{number}/comments"                 : [
        read, list, edit, drop
    ]
}
