---
source: tests/integration.rs
expression: output
input_file: tests/fixtures/alphabetize/positional_binding_decorators_pin_params/input.py
---
import click
import hypothesis.strategies as st
import pytest


@click.command()
@click.argument("source")
@click.argument("dest")
def copy(dest, source):
    pass


@pytest.mark.parametrize("a, b", [(1, 2), (3, 4)])
def test_add(b, a):
    pass


@hypothesis.given(st.integers(), st.text())
def test_thing(num, label):
    pass
