---
source: tests/integration.rs
expression: output
input_file: tests/fixtures/thematic/args_type_entry_continuation_hangs/input.py
---
def render(self, console, options):
    """
    Render.

    Args:
        markup (str): A string containing console markup that will overflow
                      the line budget for sure yes.
    """
