---
source: crate/tests/integration.rs
expression: render(diagnostics)
input_file: crate/tests/fixtures/thematic/async_client_legacy_typing_cleanup/input.py
---
align-equals@1669..1670
align-equals@258..497
alphabetize-siblings@35..1878
band-constants@35..1473
bare-imports@172..179
bare-imports@187..194
bare-imports@202..206
expand-docstrings@808..852
group-imports@35..206
inlinable-bindings@860..866
modernize-annotations@261..262
modernize-annotations@335..352
modernize-annotations@59..125
modernize-annotations@661..662
modernize-annotations@782..799
modernize-annotations@950..979
prune-inert-imports@138..164
reflow-calls@1098..1190
reflow-collections@539..648
reflow-imports@59..164
reflow-parentheses@1381..1382
reflow-parentheses@1401..1402
reflow-signatures@918..1017
signature-annotations@1537..1542
signature-annotations@700..704
signature-annotations@774..777
signature-annotations@918..924
space-statements@1045..1046
space-statements@1472..1473
space-statements@164..165
space-statements@34..35
space-statements@686..687
space-statements@762..763
space-statements@902..903
strip-none-return@1548..1556
strip-none-return@723..731
strip-stranded-padding@509..512
strip-trailing-commas@481..482
unsorted-positionals@699..723
unsorted-positionals@917..1018
