---
source: crate/tests/integration.rs
expression: snapshot
input_file: crate/tests/fixtures/wrap_docstrings/sectionless_field_head_verbatim/input.py
---
def dispatch(handlers):
    """
    Route each event to the handler registered against it.

    handlers (Callable[[Mapping[str, int], Sequence[str]], Awaitable[None]]): The callback.
    """
    return handlers
