---
source: tests/integration.rs
expression: output
input_file: tests/fixtures/blank_lines/header_comment_first_member_binds_comment/input.py
---
"""
A class header followed by an own-line comment and then the first
member normalizes to 1 blank line above the comment block and binds
the comment tight against the member below it.
"""


class Posting:

    # describes the first method
    def m1(self):
        return 1
