---
source: crate/tests/integration.rs
expression: snapshot
input_file: crate/tests/fixtures/composition/split_comprehension_measures_its_call_as_an_fstring/input.py
---
class Policy:
    def __repr__(self):
        args = [f"{name}={value!r}" for name, value in self.__dict__.items()]
        return args
