---
source: tests/diagnostics.rs
expression: render(&diagnostics)
input_file: tests/fixtures/blank_lines/function_header_to_compound_opener_one_blank/input.py
---
blank-lines@102..103
blank-lines@160..161
blank-lines@22..23
blank-lines@231..232
blank-lines@303..304
blank-lines@364..365
blank-lines@460..461
blank-lines@545..546
