---
source: crate/tests/integration.rs
expression: snapshot
input_file: crate/tests/fixtures/align_colons/sectionless_typed_heads_align/input.py
---
class Frame:
    """
    handler (Callable) : The sink each frame is written to.
    timeout (float)    : Seconds before the dial is abandoned.
    codec   (bytes)    : The wire encoding in force.
    """
