---
source: tests/binding_analysis.rs
expression: source.binding_analysis()
input_file: tests/fixtures/binding_analysis/walrus_binds_enclosing_function/input.py
---
bindings:
  - attributes: []
    bare_read: false
    first_unconditional_write: 4
    kinds:
      - FunctionDef
    name: first_one
    read_offsets: []
    scope: 0
    write_offsets:
      - 4
  - attributes: []
    bare_read: true
    first_unconditional_write: 14
    kinds:
      - Parameter
    name: items
    read_offsets:
      - 39
    scope: 1
    write_offsets:
      - 14
  - attributes: []
    bare_read: true
    first_unconditional_write: 30
    kinds:
      - Walrus
    name: n
    read_offsets:
      - 68
    scope: 1
    write_offsets:
      - 30
scopes:
  - bindings:
      first_one: 0
    kind: Module
    parent: ~
  - bindings:
      items: 1
      n: 2
    kind: Function
    parent: 0
