---
source: tests/binding_analysis.rs
expression: source.binding_analysis()
input_file: tests/fixtures/binding_analysis/global_nonlocal_decls_ignored/input.py
---
bindings:
  - attributes: []
    bare_read: false
    kinds:
      - FunctionDef
    name: globalized
    read_offsets: []
    scope: 0
    write_offsets:
      - 4
  - attributes: []
    bare_read: false
    kinds:
      - Assignment
    name: x
    read_offsets: []
    scope: 1
    write_offsets:
      - 35
  - attributes: []
    bare_read: false
    kinds:
      - FunctionDef
    name: nested
    read_offsets: []
    scope: 0
    write_offsets:
      - 47
  - attributes: []
    bare_read: false
    kinds:
      - Assignment
    name: y
    read_offsets: []
    scope: 2
    write_offsets:
      - 61
  - attributes: []
    bare_read: true
    kinds:
      - FunctionDef
    name: inner
    read_offsets:
      - 121
    scope: 2
    write_offsets:
      - 75
  - attributes: []
    bare_read: false
    kinds:
      - Assignment
    name: y
    read_offsets: []
    scope: 3
    write_offsets:
      - 111
scopes:
  - bindings:
      globalized: 0
      nested: 2
    kind: Module
    parent: ~
  - bindings:
      x: 1
    kind: Function
    parent: 0
  - bindings:
      inner: 4
      y: 3
    kind: Function
    parent: 0
  - bindings:
      y: 5
    kind: Function
    parent: 2
