---
source: tests/integration.rs
expression: output
input_file: tests/fixtures/collection_layout/inner_comment_pins_multiline/input.py
---
"""
A literal whose source range contains a comment in any attachment
position is left alone to preserve author-intended prose that the
collapse would drop. Own-line comments between entries, trailing
comments on an entry, and comments before the closing bracket all
pin the multi-line shape. A trailing comment outside the literal's
range still allows the literal to expand when the inline form
overflows. Atomic items inside the expanded form flow across
balanced lines.
"""

own_line_comment_between_entries = [
    1,
    # explanatory
    2,
    3,
]
trailing_comment_on_entry = [
    1,
    2,  # noqa: E501
    3,
]
comment_before_close = [
    1,
    2,
    3,
    # closing note
]
trailing_comment_expands = [
    "first", "second", "third", "fourth", "fifth", "sixth", "seventh"
]  # sits after `]`
