---
source: crate/tests/integration.rs
expression: json
input_file: crate/tests/fixtures/restated_types/class_body_declaration_kinds/input.py
---
[
  {
    "code": "restated-types",
    "end_location": {
      "column": 34,
      "row": 9
    },
    "fix": null,
    "location": {
      "column": 18,
      "row": 9
    },
    "message": "`registry` restates a type the class body already annotates"
  }
]
