---
source: tests/integration.rs
expression: output
input_file: tests/fixtures/docstring_wrap/doctest_then_description_resumes_wrap/input.py
---
def run():
    """
    >>> run()
    'ok'

    After the interactive example this trailing description line is long
    enough to exceed the seventy six character budget and must wrap.
    """
    return "ok"
