---
source: crate/tests/integration.rs
expression: snapshot
input_file: crate/tests/fixtures/modernize_annotations/container_members_rewrite_in_place/input.py
---
import os

from collections import deque
from typing      import Callable


def handle(fn: Callable[[int | None], list[str]]) -> None: ...


def mix(value: list[int] | str | None) -> None: ...


def pack(values: tuple[list[int], *Ts]) -> None: ...
