---
source: tests/integration.rs
expression: output
input_file: tests/fixtures/unused_future_annotations/among_others_no_annotations.input.py
---
"""
The `annotations` alias sits alongside `division` in a multi-name
`__future__` import. Only the `annotations` entry is removed, leaving
the surrounding `division` entry's formatting intact.
"""

from __future__ import division

x = 1 / 2
