---
source: tests/integration.rs
expression: output
input_file: tests/fixtures/unused_future_annotations/async_def_annotation.input.py
---
"""
An `async def` carries its annotation in the same `StmtFunctionDef`
shape as a sync `def`, with `is_async` flipped. Trigger 1 sees the
annotation, trigger 3 evaluates, and with `Result` defined before the
annotation the directive is removed.
"""



class Result:
    pass


async def fetch() -> Result:
    return Result()
