---
source: tests/integration.rs
expression: output
input_file: tests/fixtures/unused_future_annotations/sole_import_no_annotations.input.py
---
"""
The file carries no annotations on any function or assignment, so the
`from __future__ import annotations` directive is unused regardless of
target Python version. The sole import is removed along with the blank
line that becomes superfluous.
"""


x = 1


def main():
    print(x)
