---
source: tests/diagnostics.rs
expression: render(&diagnostics)
input_file: tests/fixtures/thematic/class_method_groups_then_align/input.py
---
align-colons@492..492
align-colons@521..521
align-colons@542..542
align-colons@565..565
align-equals@502..503
align-equals@532..533
align-equals@589..590
align-imports@446..447
alphabetize@381..850
bare-import-allowlist@388..390
bare-import-allowlist@398..401
blank-lines@474..475
docstring-wrap@73..368
