---
source: tests/integration.rs
expression: output
input_file: tests/fixtures/align_colons/fields_with_defaults_share_group/input.py
---
"""
Annotated class fields mixing bare declarations (`name: type`) and
assignments with defaults (`name: type = value`). Both shapes
participate in the same alignment group because they share the
`:` structure `align_colons` anchors on.
"""

class Settings:
    debug     : bool = False
    log_level : str = "INFO"
    timeout   : int
    retries   : int = 3
    backend   : str
