---
source: crate/tests/integration.rs
expression: snapshot
input_file: crate/tests/fixtures/band_constants/global_bound_name_pins_above_its_definition/input.py
---
def setup():
    global Selector
    Selector = object


setup()


DEFAULT = Selector


TABLE = dict


def helper():
    return 1


class Selector:
    pass
