---
source: tests/integration.rs
expression: output
input_file: tests/fixtures/align_imports/multi_name.input.py
---
"""
Multi-name `import` statements (comma-separated, with or without
aliases per name) sit in the unified block without contributing a
member, since they carry no single `as` anchor. The single-aliased
neighbors flanking them align as their own pair within the same
unified block.
"""

import collections as c
import os, sys
import re as regex, json as parser
import datetime    as dt
