---
source: tests/integration.rs
expression: output
input_file: tests/fixtures/align_imports/multi_line_skips.input.py
---
"""
A multi-line `from`-import (parenthesized continuation) sits in
the unified block without contributing a member, since shifting
the `import` keyword would leave its continuation indent visually
disconnected. Single-line neighbors above and below the multi-line
stretch share the same alignment group.
"""

from collections import OrderedDict
from typing      import Optional
from sys import (
    path,
    platform,
)
from os.path     import join
from re import sub
