---
source: tests/integration.rs
expression: "&output"
input_file: tests/fixtures/align_imports/shift_limit_drop.input.py
---
"""
Same shape as `shift_limit_split` under the `drop` policy. The
outlier module sorts to the top of the kept set on width, the
remaining modules align at their tightened column, and the
outlier itself keeps its original spacing untouched.
"""

from io      import BytesIO
from re      import sub
from os      import getenv
from collections.abc.mapping_helpers.namespaced import OrderedDict
from sys     import path
from os.path import join
