---
source: tests/integration.rs
expression: output
input_file: tests/fixtures/collection_layout/dict_entries_one_per_line/input.py
---
short_dict = {"alpha": 1, "beta": 2, "gamma": 3}
long_dict = {
    "alpha": 1,
    "beta": 2,
    "gamma": 3,
    "delta": 4,
    "epsilon": 5,
    "zeta": 6,
    "eta": 7
}
single_entry_dict = {"default_action": "noop"}
collapsing_dict = {"alpha": 1, "beta": 2, "gamma": 3}
