---
source: tests/binding_analysis.rs
expression: source.binding_analysis()
input_file: tests/fixtures/binding_analysis/comp_target_stays_scope_local/input.py
---
bindings:
  - attributes: []
    bare_read: true
    kinds:
      - Assignment
    name: xs
    read_offsets:
      - 51
    scope: 0
    write_offsets:
      - 0
  - attributes: []
    bare_read: false
    kinds:
      - Assignment
    name: x
    read_offsets: []
    scope: 0
    write_offsets:
      - 17
  - attributes: []
    bare_read: true
    kinds:
      - Comprehension
    name: x
    read_offsets:
      - 40
    scope: 1
    write_offsets:
      - 46
  - attributes: []
    bare_read: false
    kinds:
      - Assignment
    name: vals
    read_offsets: []
    scope: 0
    write_offsets:
      - 32
scopes:
  - bindings:
      vals: 3
      x: 1
      xs: 0
    kind: Module
    parent: ~
  - bindings:
      x: 2
    kind: Comprehension
    parent: 0
