---
source: crate/tests/integration.rs
expression: snapshot
input_file: crate/tests/fixtures/thematic/import_block_full_pipeline/input.py
---
import functools as ft
import numpy     as np
import os
import requests

from collections import Counter
from typing      import Any


def render(text):
    return (requests, np, os, Counter, Any, ft, text)
