---
source: tests/integration.rs
expression: output
input_file: tests/fixtures/blank_lines/banner_comments.input.py
---
"""
A banner-style block of own-line comments above a def is treated as
a section header. The rule places the pair's canonical gap above the
banner and 1 blank line between the banner and the following def.
"""


def first():
    return 1


# ============================================================
# Section: Auxiliary Helpers
# ============================================================

def second():
    return 2
