---
source: tests/integration.rs
expression: output
input_file: tests/fixtures/blank_lines/banner_comments.input.py
---
"""
A banner-style block of own-line comments above a def binds tight
against the following def, with the pair's canonical gap above the
banner and 0 blank lines between the banner and the def.
"""


def first():
    return 1


# ============================================================
# Section: Auxiliary Helpers
# ============================================================
def second():
    return 2
