---
source: crate/tests/binding_analysis.rs
expression: source.binding_analysis()
input_file: crate/tests/fixtures/binding_analysis/except_as_binds_enclosing/input.py
---
bindings:
  - annotation_read: false
    attributes: []
    bare_read: true
    first_unconditional_write: ~
    kinds:
      - ExceptHandler
    name: e
    read_offsets:
      - 66
      - 79
    runtime_read: false
    scope: 0
    write_offsets:
      - 53
scopes:
  - bindings:
      e: 0
    kind: Module
    parent: ~
