---
source: tests/binding_analysis.rs
expression: source.binding_analysis()
input_file: tests/fixtures/binding_analysis/except_as_binds_enclosing/input.py
---
bindings:
  - attributes: []
    bare_read: true
    first_unconditional_write: 53
    kinds:
      - ExceptHandler
    name: e
    read_offsets:
      - 66
      - 79
    scope: 0
    write_offsets:
      - 53
scopes:
  - bindings:
      e: 0
    kind: Module
    parent: ~
