---
source: tests/integration.rs
expression: output
input_file: tests/fixtures/docstring_wrap/paragraphs_wrap_independently/input.py
---
def render():
    """
    First paragraph that is short.

    Second paragraph here that runs on much longer and exceeds the seventy
    six character docstring budget by a margin to force a wrap.
    """
    return 1
