---
source: tests/integration.rs
expression: output
input_file: tests/fixtures/collection_layout/count_expands_short_dict/input.py
---
over_threshold = {
    "a": 1,
    "b": 2,
    "c": 3,
    "d": 4
}
under_threshold = {"a": 1, "b": 2, "c": 3}
already_expanded = {
    "a": 1,
    "b": 2,
    "c": 3,
    "d": 4
}
