---
source: tests/integration.rs
expression: json
input_file: tests/fixtures/suppression/unmatched_off_suppresses_to_eof/input.py
---
[
  {
    "code": "miscased-constants",
    "end_location": {
      "column": 8,
      "row": 1
    },
    "fix": {
      "applicability": "displayonly",
      "edits": [
        {
          "before": "bar_baz",
          "content": "BAR_BAZ"
        }
      ]
    },
    "location": {
      "column": 1,
      "row": 1
    },
    "message": "Module constant `bar_baz` is not SCREAMING_CASE"
  },
  {
    "code": "miscased-constants",
    "end_location": {
      "column": 4,
      "row": 2
    },
    "fix": {
      "applicability": "displayonly",
      "edits": [
        {
          "before": "foo",
          "content": "FOO"
        }
      ]
    },
    "location": {
      "column": 1,
      "row": 2
    },
    "message": "Module constant `foo` is not SCREAMING_CASE"
  }
]
