---
source: crate/tests/integration.rs
expression: snapshot
input_file: crate/tests/fixtures/suppression/align_comments_respects_an_off_region/input.py
---
#prose: off
seed()  # left exactly as written
compact_the_index()  # untouched
# prose: on
flush()               # settled by the rule
warm_the_cache_now()  # settled too
