---
source: crate/tests/integration.rs
expression: json
input_file: crate/tests/fixtures/unsorted_positionals/classvar_inside_a_flagged_run/input.py
---
[
  {
    "code": "unsorted-positionals",
    "end_location": {
      "column": 15,
      "row": 9
    },
    "fix": null,
    "location": {
      "column": 5,
      "row": 7
    },
    "message": "Positional run is out of alphabetical order. Reordering rebinds every positional call site, so apply it by hand where every caller binds by keyword"
  }
]
