<a
  href="https://pypi.org/project/prose-formatter/0.6.0/"
  rel="noopener"
  target="_blank"
  class="landing-cta-stamp"
  aria-label="Current release 0.6.0, May 2026"
  ><span class="landing-cta-stamp-edge" aria-hidden="true"></span
  ><span class="landing-cta-stamp-month">May</span
  ><span class="landing-cta-stamp-version">0.6.0</span
  ><span class="landing-cta-stamp-year">'26</span></a
>
