<div class="expressive-code">
  <pre
    data-language="python"
  ><code><div class="ec-line"><div class="code"><span class="lint-flag" data-message="align these" data-rule="align-equals" data-badge="B" data-caption="Aligns assignments" data-family="alignment" data-href="/rules/alignment/align-equals">x = 1</span></div></div></code></pre>
</div>
