---
source: crate/tests/integration.rs
expression: snapshot
input_file: crate/tests/fixtures/shed_super_args/spread_arguments_collapse/input.py
---
class Handler:
    def dispatch(self, event):
        return event


class Logger(Handler):
    def dispatch(self, event):
        return super().dispatch(event)
