---
source: tests/integration.rs
expression: output
input_file: tests/fixtures/alphabetize/try_except_else_finally_sort_separately/input.py
---
try:
    from alpha import b
    from zeta import a
except ValueError:
    from delta import d
    from omega import c
except KeyError:
    from beta import f
    from gamma import e
else:
    from rho import h
    from sigma import g
finally:
    from phi import j
    from psi import i
