---
source: tests/integration.rs
assertion_line: 28
expression: output
input_file: tests/fixtures/composition/single_line_docstring_overflows_on_expand/input.py
---
def render(template):
    """
    Render the template against the configured context with sensible
    defaults applied when callers omit per-call overrides for the rendering
    pipeline.
    """
    return template
