---
source: tests/integration.rs
expression: output
input_file: tests/fixtures/align_equals/augmented_joins_run/input.py
---
"""
Augmented assignment (`+=`) participates in the group. Its `=`
character aligns with neighboring `=` operators, meaning the `+`
sits one column before the shared `=` column.
"""

alpha      = 1
beta      += 2
gamma_long = 3
